<html>
<body>
<pre>
<h1>µVision Build Log</h1>
<h2>Project:</h2>
C:\Users\kinan\Documents\7.0 Courses 2016 Fall\EE 445L\Lab5\ST7735.uvproj
Project File Date:  10/02/2016

<h2>Output:</h2>
Build target 'ST7735'
compiling main.c...
linking...
Program Size: Code=2072 RO-data=40 RW-data=920 ZI-data=1024  
".\ST7735.axf" - 0 Error(s), 0 Warning(s).
Load "C:\\Users\\kinan\\Documents\\7.0 Courses 2016 Fall\\EE 445L\\Lab5\\ST7735.axf" 
Connecting: Mode=JTAG, Speed=1000000Hz
Connection failed!, error code=&d
Error: Flash Download failed  -  Target DLL has been cancelled
Load "C:\\Users\\kinan\\Documents\\7.0 Courses 2016 Fall\\EE 445L\\Lab5\\ST7735.axf" 
Connecting: Mode=JTAG, Speed=1000000Hz
Erase Done.
Programming Done.
Verify OK.
</pre>
</body>
</html>
rget DLL has been cancelled
Load "C:\\Users\\kinan\\Documents\\7.0 Courses 2016 Fall\\EE 445L\\Lab5\\ST7735.axf" 
Connecting: Mode=JTAG, Speed=1000000Hz
Erase Done.
Programming Done.
Verify OK.
Load "C:\\Users\\kinan\\Documents\\7.0 Courses 2016 Fall\\EE 445L\\Lab5\\ST7735.axf" 
Connecting: Mode=JTAG, Speed=1000000Hz
Erase Done.
Programming Done.
Verify OK.
