ARM Linker, 5.03 [Build 76] [MDK-ARM Professional]

==============================================================================

Section Cross References

    startup.o(RESET) refers to startup.o(STACK) for StackMem
    startup.o(RESET) refers to switch.o(i.GPIOPortE_Handler) for GPIOPortE_Handler
    startup.o(RESET) refers to time.o(i.Timer0A_Handler) for Timer0A_Handler
    startup.o(RESET) refers to entry.o(.ARM.Collect$$$$00000000) for __main
    st7735.o(i.Output_Clear) refers to st7735.o(i.ST7735_FillScreen) for ST7735_FillScreen
    st7735.o(i.Output_Color) refers to st7735.o(i.ST7735_SetTextColor) for ST7735_SetTextColor
    st7735.o(i.Output_Init) refers to st7735.o(i.ST7735_InitR) for ST7735_InitR
    st7735.o(i.Output_Init) refers to st7735.o(i.ST7735_FillScreen) for ST7735_FillScreen
    st7735.o(i.Output_Off) refers to st7735.o(i.Output_Clear) for Output_Clear
    st7735.o(i.Output_On) refers to st7735.o(i.Output_Init) for Output_Init
    st7735.o(i.ST7735_DrawBitmap) refers to st7735.o(i.setAddrWindow) for setAddrWindow
    st7735.o(i.ST7735_DrawBitmap) refers to st7735.o(i.writedata) for writedata
    st7735.o(i.ST7735_DrawBitmap) refers to st7735.o(.data) for _width
    st7735.o(i.ST7735_DrawChar) refers to st7735.o(i.setAddrWindow) for setAddrWindow
    st7735.o(i.ST7735_DrawChar) refers to st7735.o(i.pushColor) for pushColor
    st7735.o(i.ST7735_DrawChar) refers to st7735.o(.data) for _width
    st7735.o(i.ST7735_DrawChar) refers to st7735.o(.constdata) for Font
    st7735.o(i.ST7735_DrawCharS) refers to st7735.o(i.ST7735_DrawPixel) for ST7735_DrawPixel
    st7735.o(i.ST7735_DrawCharS) refers to st7735.o(i.ST7735_FillRect) for ST7735_FillRect
    st7735.o(i.ST7735_DrawCharS) refers to st7735.o(.data) for _width
    st7735.o(i.ST7735_DrawCharS) refers to st7735.o(.constdata) for Font
    st7735.o(i.ST7735_DrawFastHLine) refers to st7735.o(i.setAddrWindow) for setAddrWindow
    st7735.o(i.ST7735_DrawFastHLine) refers to st7735.o(i.writedata) for writedata
    st7735.o(i.ST7735_DrawFastHLine) refers to st7735.o(.data) for _width
    st7735.o(i.ST7735_DrawFastVLine) refers to st7735.o(i.setAddrWindow) for setAddrWindow
    st7735.o(i.ST7735_DrawFastVLine) refers to st7735.o(i.writedata) for writedata
    st7735.o(i.ST7735_DrawFastVLine) refers to st7735.o(.data) for _width
    st7735.o(i.ST7735_DrawPixel) refers to st7735.o(i.setAddrWindow) for setAddrWindow
    st7735.o(i.ST7735_DrawPixel) refers to st7735.o(i.pushColor) for pushColor
    st7735.o(i.ST7735_DrawPixel) refers to st7735.o(.data) for _width
    st7735.o(i.ST7735_DrawString) refers to st7735.o(i.ST7735_DrawCharS) for ST7735_DrawCharS
    st7735.o(i.ST7735_FillRect) refers to st7735.o(i.setAddrWindow) for setAddrWindow
    st7735.o(i.ST7735_FillRect) refers to st7735.o(i.writedata) for writedata
    st7735.o(i.ST7735_FillRect) refers to st7735.o(.data) for _width
    st7735.o(i.ST7735_FillScreen) refers to st7735.o(i.ST7735_FillRect) for ST7735_FillRect
    st7735.o(i.ST7735_FillScreen) refers to st7735.o(.data) for _height
    st7735.o(i.ST7735_InitB) refers to st7735.o(i.commonInit) for commonInit
    st7735.o(i.ST7735_InitB) refers to st7735.o(i.ST7735_SetCursor) for ST7735_SetCursor
    st7735.o(i.ST7735_InitB) refers to st7735.o(i.ST7735_FillScreen) for ST7735_FillScreen
    st7735.o(i.ST7735_InitB) refers to st7735.o(.constdata) for Bcmd
    st7735.o(i.ST7735_InitB) refers to st7735.o(.data) for StTextColor
    st7735.o(i.ST7735_InitR) refers to st7735.o(i.commonInit) for commonInit
    st7735.o(i.ST7735_InitR) refers to st7735.o(i.commandList) for commandList
    st7735.o(i.ST7735_InitR) refers to st7735.o(i.writecommand) for writecommand
    st7735.o(i.ST7735_InitR) refers to st7735.o(i.writedata) for writedata
    st7735.o(i.ST7735_InitR) refers to st7735.o(i.ST7735_SetCursor) for ST7735_SetCursor
    st7735.o(i.ST7735_InitR) refers to st7735.o(i.ST7735_FillScreen) for ST7735_FillScreen
    st7735.o(i.ST7735_InitR) refers to st7735.o(.constdata) for Rcmd1
    st7735.o(i.ST7735_InitR) refers to st7735.o(.data) for ColStart
    st7735.o(i.ST7735_InvertDisplay) refers to st7735.o(i.writecommand) for writecommand
    st7735.o(i.ST7735_OutChar) refers to st7735.o(i.ST7735_DrawString) for ST7735_DrawString
    st7735.o(i.ST7735_OutChar) refers to st7735.o(i.ST7735_DrawCharS) for ST7735_DrawCharS
    st7735.o(i.ST7735_OutChar) refers to st7735.o(.data) for StY
    st7735.o(i.ST7735_OutString) refers to st7735.o(i.ST7735_OutChar) for ST7735_OutChar
    st7735.o(i.ST7735_OutUDec) refers to st7735.o(i.fillmessage) for fillmessage
    st7735.o(i.ST7735_OutUDec) refers to st7735.o(i.ST7735_DrawString) for ST7735_DrawString
    st7735.o(i.ST7735_OutUDec) refers to st7735.o(i.ST7735_DrawCharS) for ST7735_DrawCharS
    st7735.o(i.ST7735_OutUDec) refers to st7735.o(.data) for Messageindex
    st7735.o(i.ST7735_OutUDec) refers to st7735.o(.bss) for Message
    st7735.o(i.ST7735_PlotBar) refers to st7735.o(i.ST7735_DrawFastVLine) for ST7735_DrawFastVLine
    st7735.o(i.ST7735_PlotBar) refers to st7735.o(.data) for Ymin
    st7735.o(i.ST7735_PlotClear) refers to st7735.o(i.ST7735_Color565) for ST7735_Color565
    st7735.o(i.ST7735_PlotClear) refers to st7735.o(i.ST7735_FillRect) for ST7735_FillRect
    st7735.o(i.ST7735_PlotClear) refers to st7735.o(.data) for Ymax
    st7735.o(i.ST7735_PlotLine) refers to st7735.o(i.ST7735_DrawPixel) for ST7735_DrawPixel
    st7735.o(i.ST7735_PlotLine) refers to st7735.o(.data) for Ymin
    st7735.o(i.ST7735_PlotNext) refers to st7735.o(.data) for X
    st7735.o(i.ST7735_PlotNextErase) refers to st7735.o(i.ST7735_Color565) for ST7735_Color565
    st7735.o(i.ST7735_PlotNextErase) refers to st7735.o(i.ST7735_DrawFastVLine) for ST7735_DrawFastVLine
    st7735.o(i.ST7735_PlotNextErase) refers to st7735.o(.data) for X
    st7735.o(i.ST7735_PlotPoint) refers to st7735.o(i.ST7735_DrawPixel) for ST7735_DrawPixel
    st7735.o(i.ST7735_PlotPoint) refers to st7735.o(.data) for Ymin
    st7735.o(i.ST7735_PlotPoints) refers to st7735.o(i.ST7735_DrawPixel) for ST7735_DrawPixel
    st7735.o(i.ST7735_PlotPoints) refers to st7735.o(.data) for Ymin
    st7735.o(i.ST7735_PlotdBfs) refers to st7735.o(i.ST7735_DrawFastVLine) for ST7735_DrawFastVLine
    st7735.o(i.ST7735_PlotdBfs) refers to st7735.o(.constdata) for dBfs
    st7735.o(i.ST7735_PlotdBfs) refers to st7735.o(.data) for X
    st7735.o(i.ST7735_SetCursor) refers to st7735.o(.data) for StX
    st7735.o(i.ST7735_SetRotation) refers to st7735.o(i.writecommand) for writecommand
    st7735.o(i.ST7735_SetRotation) refers to st7735.o(i.writedata) for writedata
    st7735.o(i.ST7735_SetRotation) refers to st7735.o(.data) for Rotation
    st7735.o(i.ST7735_SetTextColor) refers to st7735.o(.data) for StTextColor
    st7735.o(i.commandList) refers to st7735.o(i.writecommand) for writecommand
    st7735.o(i.commandList) refers to st7735.o(i.writedata) for writedata
    st7735.o(i.commandList) refers to st7735.o(i.Delay1ms) for Delay1ms
    st7735.o(i.commonInit) refers to st7735.o(i.Delay1ms) for Delay1ms
    st7735.o(i.commonInit) refers to st7735.o(i.commandList) for commandList
    st7735.o(i.commonInit) refers to st7735.o(.data) for RowStart
    st7735.o(i.fillmessage) refers to st7735.o(.bss) for Message
    st7735.o(i.fillmessage) refers to st7735.o(.data) for Messageindex
    st7735.o(i.fputc) refers to st7735.o(i.ST7735_OutChar) for ST7735_OutChar
    st7735.o(i.pushColor) refers to st7735.o(i.writedata) for writedata
    st7735.o(i.setAddrWindow) refers to st7735.o(i.writecommand) for writecommand
    st7735.o(i.setAddrWindow) refers to st7735.o(i.writedata) for writedata
    st7735.o(i.setAddrWindow) refers to st7735.o(.data) for ColStart
    fixed.o(i.ST7735_XYplot) refers to st7735.o(i.ST7735_Color565) for ST7735_Color565
    fixed.o(i.ST7735_XYplot) refers to st7735.o(i.ST7735_DrawPixel) for ST7735_DrawPixel
    fixed.o(i.ST7735_XYplot) refers to fixed.o(.data) for Ymx
    fixed.o(i.ST7735_XYplotInit) refers to st7735.o(i.ST7735_InitR) for ST7735_InitR
    fixed.o(i.ST7735_XYplotInit) refers to fixed.o(.data) for Yrnge
    fixed.o(i.ST7735_sDecOut3) refers to st7735.o(i.ST7735_OutString) for ST7735_OutString
    fixed.o(i.ST7735_uBinOut8) refers to st7735.o(i.ST7735_OutString) for ST7735_OutString
    speaker.o(i.Sound_Init) refers to speaker.o(i.PWM0A_Init) for PWM0A_Init
    speaker.o(i.Sound_Play) refers to speaker.o(i.Sound_On) for Sound_On
    speaker.o(i.Sound_Play) refers to speaker.o(i.Sound_Off) for Sound_Off
    switch.o(i.Button_Pressed) refers to switch.o(.data) for SWITCH
    switch.o(i.Buttons_Handler) refers to switch.o(i.Buttons_Input) for Buttons_Input
    switch.o(i.Buttons_Handler) refers to switch.o(i.Buttons_Pressed) for Buttons_Pressed
    switch.o(i.Buttons_Handler) refers to switch.o(.bss) for debounce
    switch.o(i.Buttons_Init) refers to startup.o(.text) for EnableInterrupts
    switch.o(i.Buttons_Init) refers to switch.o(.data) for SW1
    switch.o(i.Buttons_Input) refers to switch.o(.bss) for debounce
    switch.o(i.GPIOPortE_Handler) refers to switch.o(i.DelayWait10ms) for DelayWait10ms
    switch.o(i.GPIOPortE_Handler) refers to switch.o(.data) for SWITCH
    main.o(i.main) refers to startup.o(.text) for DisableInterrupts
    main.o(i.main) refers to pll.o(i.PLL_Init) for PLL_Init
    main.o(i.main) refers to main.o(i.PortF_Init) for PortF_Init
    main.o(i.main) refers to dac.o(i.DAC_Init) for DAC_Init
    main.o(i.main) refers to switch.o(i.Buttons_Init) for Buttons_Init
    main.o(i.main) refers to time.o(i.Timer0A_Init) for Timer0A_Init
    main.o(i.main) refers to sound.o(i.Song_PlayInit) for Song_PlayInit
    main.o(i.main) refers to sound.o(i.Song_PlayHandler) for Song_PlayHandler
    main.o(i.main) refers to main.o(.data) for Play_mode
    main.o(i.main) refers to main.o(.constdata) for testSong
    main.o(.constdata) refers to sound.o(.data) for maryhadalamb
    graphics.o(i.DigitalHour) refers to st7735.o(i.ST7735_DrawCharS) for ST7735_DrawCharS
    graphics.o(i.DigitalInit) refers to st7735.o(i.ST7735_FillScreen) for ST7735_FillScreen
    graphics.o(i.DigitalInit) refers to st7735.o(i.ST7735_DrawCharS) for ST7735_DrawCharS
    graphics.o(i.DigitalMinute) refers to st7735.o(i.ST7735_DrawCharS) for ST7735_DrawCharS
    graphics.o(i.DrawBackground) refers to st7735.o(i.ST7735_DrawBitmap) for ST7735_DrawBitmap
    graphics.o(i.DrawBackground) refers to st7735.o(i.ST7735_DrawCharS) for ST7735_DrawCharS
    graphics.o(i.DrawBackground) refers to graphics.o(.constdata) for background
    graphics.o(i.DrawClockInit) refers to st7735.o(i.ST7735_FillScreen) for ST7735_FillScreen
    graphics.o(i.DrawClockInit) refers to st7735.o(i.ST7735_DrawCharS) for ST7735_DrawCharS
    graphics.o(i.DrawClockInit) refers to cos.o(i.cos) for cos
    graphics.o(i.DrawClockInit) refers to dflti.o(.text) for __aeabi_i2d
    graphics.o(i.DrawClockInit) refers to dmul.o(.text) for __aeabi_dmul
    graphics.o(i.DrawClockInit) refers to dadd.o(.text) for __aeabi_dadd
    graphics.o(i.DrawClockInit) refers to dfixi.o(.text) for __aeabi_d2iz
    graphics.o(i.DrawClockInit) refers to sin.o(i.sin) for sin
    graphics.o(i.DrawClockInit) refers to st7735.o(i.ST7735_DrawPixel) for ST7735_DrawPixel
    graphics.o(i.DrawHour) refers to dflti.o(.text) for __aeabi_i2d
    graphics.o(i.DrawHour) refers to dmul.o(.text) for __aeabi_dmul
    graphics.o(i.DrawHour) refers to ddiv.o(.text) for __aeabi_ddiv
    graphics.o(i.DrawHour) refers to dadd.o(.text) for __aeabi_drsub
    graphics.o(i.DrawHour) refers to cos.o(i.cos) for cos
    graphics.o(i.DrawHour) refers to dfixi.o(.text) for __aeabi_d2iz
    graphics.o(i.DrawHour) refers to sin.o(i.sin) for sin
    graphics.o(i.DrawHour) refers to st7735.o(i.ST7735_DrawPixel) for ST7735_DrawPixel
    graphics.o(i.DrawHour) refers to graphics.o(.data) for lHR
    graphics.o(i.DrawMinute) refers to dflti.o(.text) for __aeabi_i2d
    graphics.o(i.DrawMinute) refers to dmul.o(.text) for __aeabi_dmul
    graphics.o(i.DrawMinute) refers to ddiv.o(.text) for __aeabi_ddiv
    graphics.o(i.DrawMinute) refers to dadd.o(.text) for __aeabi_drsub
    graphics.o(i.DrawMinute) refers to cos.o(i.cos) for cos
    graphics.o(i.DrawMinute) refers to dfixi.o(.text) for __aeabi_d2iz
    graphics.o(i.DrawMinute) refers to sin.o(i.sin) for sin
    graphics.o(i.DrawMinute) refers to st7735.o(i.ST7735_DrawPixel) for ST7735_DrawPixel
    graphics.o(i.DrawMinute) refers to graphics.o(.data) for lMIN
    graphics.o(i.DrawSecond) refers to dflti.o(.text) for __aeabi_i2d
    graphics.o(i.DrawSecond) refers to dmul.o(.text) for __aeabi_dmul
    graphics.o(i.DrawSecond) refers to ddiv.o(.text) for __aeabi_ddiv
    graphics.o(i.DrawSecond) refers to dadd.o(.text) for __aeabi_drsub
    graphics.o(i.DrawSecond) refers to cos.o(i.cos) for cos
    graphics.o(i.DrawSecond) refers to dfixi.o(.text) for __aeabi_d2iz
    graphics.o(i.DrawSecond) refers to sin.o(i.sin) for sin
    graphics.o(i.DrawSecond) refers to st7735.o(i.ST7735_DrawPixel) for ST7735_DrawPixel
    graphics.o(i.DrawSecond) refers to graphics.o(.data) for lSEC
    graphics.o(i.day) refers to st7735.o(i.ST7735_DrawCharS) for ST7735_DrawCharS
    graphics.o(i.night) refers to st7735.o(i.ST7735_DrawCharS) for ST7735_DrawCharS
    time.o(i.SysTick_Init2) refers to startup.o(.text) for StartCritical
    time.o(i.Timer0A_Handler) refers to time.o(.data) for PeriodicTask
    time.o(i.Timer0A_Init) refers to startup.o(.text) for StartCritical
    time.o(i.Timer0A_Init) refers to time.o(.data) for PeriodicTask
    time.o(i.Timer0A_Init1HzInt) refers to startup.o(.text) for DisableInterrupts
    time.o(i.UpdateAlarm) refers to time.o(.data) for alarm1
    time.o(i.UpdateCount) refers to time.o(.data) for count
    time.o(i.WakeUp) refers to time.o(.data) for alarmflag
    time.o(i.whattime) refers to time.o(.data) for count
    sound.o(i.Instrument_CurrentVoltage) refers to sound.o(.constdata) for Wave
    sound.o(i.Song_CurrentNote) refers to sound.o(.data) for currentSong
    sound.o(i.Song_EnvelopeScale) refers to sound.o(i.getSine) for getSine
    sound.o(i.Song_EnvelopeScale) refers to dflti.o(.text) for __aeabi_i2d
    sound.o(i.Song_EnvelopeScale) refers to ddiv.o(.text) for __aeabi_ddiv
    sound.o(i.Song_EnvelopeScale) refers to exp.o(i.exp) for exp
    sound.o(i.Song_EnvelopeScale) refers to dmul.o(.text) for __aeabi_dmul
    sound.o(i.Song_EnvelopeScale) refers to dfixi.o(.text) for __aeabi_d2iz
    sound.o(i.Song_PlayHandler) refers to sound.o(i.getWave) for getWave
    sound.o(i.Song_PlayHandler) refers to dac.o(i.DAC_Output) for DAC_Output
    sound.o(i.Song_PlayInit) refers to sound.o(.data) for currentSong
    sound.o(i.getNote) refers to sound.o(.data) for noteIndex
    sound.o(i.getSine) refers to dflti.o(.text) for __aeabi_i2d
    sound.o(i.getSine) refers to dmul.o(.text) for __aeabi_dmul
    sound.o(i.getSine) refers to dfixi.o(.text) for __aeabi_d2iz
    sound.o(i.getWave) refers to sound.o(.data) for waveIndex
    cos.o(i.__softfp_cos) refers (Special) to iusefp.o(.text) for __I$use$fp
    cos.o(i.__softfp_cos) refers to cos.o(i.cos) for cos
    cos.o(i.cos) refers (Special) to iusefp.o(.text) for __I$use$fp
    cos.o(i.cos) refers to errno.o(i.__set_errno) for __set_errno
    cos.o(i.cos) refers to ddiv.o(.text) for __aeabi_ddiv
    cos.o(i.cos) refers to dscalb.o(.text) for __ARM_scalbn
    cos.o(i.cos) refers to rred.o(i.__ieee754_rem_pio2) for __ieee754_rem_pio2
    cos.o(i.cos) refers to sin_i.o(i.__kernel_sin) for __kernel_sin
    cos.o(i.cos) refers to cos_i.o(i.__kernel_cos) for __kernel_cos
    cos_x.o(i.____softfp_cos$lsc) refers (Special) to iusefp.o(.text) for __I$use$fp
    cos_x.o(i.____softfp_cos$lsc) refers to cos_x.o(i.__cos$lsc) for __cos$lsc
    cos_x.o(i.__cos$lsc) refers (Special) to iusefp.o(.text) for __I$use$fp
    cos_x.o(i.__cos$lsc) refers to errno.o(i.__set_errno) for __set_errno
    cos_x.o(i.__cos$lsc) refers to dscalb.o(.text) for __ARM_scalbn
    cos_x.o(i.__cos$lsc) refers to rred.o(i.__ieee754_rem_pio2) for __ieee754_rem_pio2
    cos_x.o(i.__cos$lsc) refers to sin_i.o(i.__kernel_sin) for __kernel_sin
    cos_x.o(i.__cos$lsc) refers to cos_i.o(i.__kernel_cos) for __kernel_cos
    exp.o(i.__softfp_exp) refers (Special) to iusefp.o(.text) for __I$use$fp
    exp.o(i.__softfp_exp) refers to exp.o(i.exp) for exp
    exp.o(i.exp) refers (Special) to iusefp.o(.text) for __I$use$fp
    exp.o(i.exp) refers to dscalb.o(.text) for __ARM_scalbn
    exp.o(i.exp) refers to cdrcmple.o(.text) for __aeabi_cdrcmple
    exp.o(i.exp) refers to errno.o(i.__set_errno) for __set_errno
    exp.o(i.exp) refers to cdcmple.o(.text) for __aeabi_cdcmple
    exp.o(i.exp) refers to dunder.o(i.__mathlib_dbl_underflow) for __mathlib_dbl_underflow
    exp.o(i.exp) refers to dadd.o(.text) for __aeabi_dsub
    exp.o(i.exp) refers to dmul.o(.text) for __aeabi_dmul
    exp.o(i.exp) refers to dfixi.o(.text) for __aeabi_d2iz
    exp.o(i.exp) refers to dflti.o(.text) for __aeabi_i2d
    exp.o(i.exp) refers to poly.o(i.__kernel_poly) for __kernel_poly
    exp.o(i.exp) refers to ddiv.o(.text) for __aeabi_ddiv
    exp.o(i.exp) refers to fpclassify.o(i.__ARM_fpclassify) for __ARM_fpclassify
    exp.o(i.exp) refers to exp.o(.constdata) for .constdata
    exp.o(.constdata) refers (Special) to iusefp.o(.text) for __I$use$fp
    exp_x.o(i.____softfp_exp$lsc) refers (Special) to iusefp.o(.text) for __I$use$fp
    exp_x.o(i.____softfp_exp$lsc) refers to exp_x.o(i.__exp$lsc) for __exp$lsc
    exp_x.o(i.__exp$lsc) refers (Special) to iusefp.o(.text) for __I$use$fp
    exp_x.o(i.__exp$lsc) refers to dscalb.o(.text) for __ARM_scalbn
    exp_x.o(i.__exp$lsc) refers to cdrcmple.o(.text) for __aeabi_cdrcmple
    exp_x.o(i.__exp$lsc) refers to errno.o(i.__set_errno) for __set_errno
    exp_x.o(i.__exp$lsc) refers to cdcmple.o(.text) for __aeabi_cdcmple
    exp_x.o(i.__exp$lsc) refers to dadd.o(.text) for __aeabi_dsub
    exp_x.o(i.__exp$lsc) refers to dmul.o(.text) for __aeabi_dmul
    exp_x.o(i.__exp$lsc) refers to dfixi.o(.text) for __aeabi_d2iz
    exp_x.o(i.__exp$lsc) refers to dflti.o(.text) for __aeabi_i2d
    exp_x.o(i.__exp$lsc) refers to poly.o(i.__kernel_poly) for __kernel_poly
    exp_x.o(i.__exp$lsc) refers to ddiv.o(.text) for __aeabi_ddiv
    exp_x.o(i.__exp$lsc) refers to qnan.o(.constdata) for __mathlib_zero
    exp_x.o(i.__exp$lsc) refers to exp_x.o(.constdata) for .constdata
    exp_x.o(.constdata) refers (Special) to iusefp.o(.text) for __I$use$fp
    sin.o(i.__softfp_sin) refers (Special) to iusefp.o(.text) for __I$use$fp
    sin.o(i.__softfp_sin) refers to sin.o(i.sin) for sin
    sin.o(i.sin) refers (Special) to iusefp.o(.text) for __I$use$fp
    sin.o(i.sin) refers to errno.o(i.__set_errno) for __set_errno
    sin.o(i.sin) refers to ddiv.o(.text) for __aeabi_ddiv
    sin.o(i.sin) refers to dscalb.o(.text) for __ARM_scalbn
    sin.o(i.sin) refers to rred.o(i.__ieee754_rem_pio2) for __ieee754_rem_pio2
    sin.o(i.sin) refers to cos_i.o(i.__kernel_cos) for __kernel_cos
    sin.o(i.sin) refers to sin_i.o(i.__kernel_sin) for __kernel_sin
    sin_x.o(i.____softfp_sin$lsc) refers (Special) to iusefp.o(.text) for __I$use$fp
    sin_x.o(i.____softfp_sin$lsc) refers to sin_x.o(i.__sin$lsc) for __sin$lsc
    sin_x.o(i.__sin$lsc) refers (Special) to iusefp.o(.text) for __I$use$fp
    sin_x.o(i.__sin$lsc) refers to errno.o(i.__set_errno) for __set_errno
    sin_x.o(i.__sin$lsc) refers to dscalb.o(.text) for __ARM_scalbn
    sin_x.o(i.__sin$lsc) refers to rred.o(i.__ieee754_rem_pio2) for __ieee754_rem_pio2
    sin_x.o(i.__sin$lsc) refers to cos_i.o(i.__kernel_cos) for __kernel_cos
    sin_x.o(i.__sin$lsc) refers to sin_i.o(i.__kernel_sin) for __kernel_sin
    entry.o(.ARM.Collect$$$$00000000) refers (Special) to entry10a.o(.ARM.Collect$$$$0000000D) for __rt_final_cpp
    entry.o(.ARM.Collect$$$$00000000) refers (Special) to entry11a.o(.ARM.Collect$$$$0000000F) for __rt_final_exit
    entry.o(.ARM.Collect$$$$00000000) refers (Special) to entry7b.o(.ARM.Collect$$$$00000008) for _main_clock
    entry.o(.ARM.Collect$$$$00000000) refers (Special) to entry8b.o(.ARM.Collect$$$$0000000A) for _main_cpp_init
    entry.o(.ARM.Collect$$$$00000000) refers (Special) to entry9a.o(.ARM.Collect$$$$0000000B) for _main_init
    entry.o(.ARM.Collect$$$$00000000) refers (Special) to entry5.o(.ARM.Collect$$$$00000004) for _main_scatterload
    entry.o(.ARM.Collect$$$$00000000) refers (Special) to entry2.o(.ARM.Collect$$$$00000001) for _main_stk
    dadd.o(.text) refers (Special) to iusefp.o(.text) for __I$use$fp
    dadd.o(.text) refers to llshl.o(.text) for __aeabi_llsl
    dadd.o(.text) refers to llsshr.o(.text) for __aeabi_lasr
    dadd.o(.text) refers to depilogue.o(.text) for _double_epilogue
    dmul.o(.text) refers (Special) to iusefp.o(.text) for __I$use$fp
    dmul.o(.text) refers to depilogue.o(.text) for _double_epilogue
    ddiv.o(.text) refers (Special) to iusefp.o(.text) for __I$use$fp
    ddiv.o(.text) refers to depilogue.o(.text) for _double_round
    dflti.o(.text) refers (Special) to iusefp.o(.text) for __I$use$fp
    dflti.o(.text) refers to depilogue.o(.text) for _double_epilogue
    dfixi.o(.text) refers (Special) to iusefp.o(.text) for __I$use$fp
    dfixi.o(.text) refers to llushr.o(.text) for __aeabi_llsr
    cos_i.o(i.__kernel_cos) refers (Special) to iusefp.o(.text) for __I$use$fp
    cos_i.o(i.__kernel_cos) refers to dfixi.o(.text) for __aeabi_d2iz
    cos_i.o(i.__kernel_cos) refers to dmul.o(.text) for __aeabi_dmul
    cos_i.o(i.__kernel_cos) refers to poly.o(i.__kernel_poly) for __kernel_poly
    cos_i.o(i.__kernel_cos) refers to dadd.o(.text) for __aeabi_dsub
    cos_i.o(i.__kernel_cos) refers to dscalb.o(.text) for __ARM_scalbn
    cos_i.o(i.__kernel_cos) refers to cos_i.o(.constdata) for .constdata
    cos_i.o(.constdata) refers (Special) to iusefp.o(.text) for __I$use$fp
    dunder.o(i.__mathlib_dbl_underflow) refers to dscalb.o(.text) for __ARM_scalbn
    fpclassify.o(i.__ARM_fpclassify) refers (Special) to iusefp.o(.text) for __I$use$fp
    poly.o(i.__kernel_poly) refers (Special) to iusefp.o(.text) for __I$use$fp
    poly.o(i.__kernel_poly) refers to dmul.o(.text) for __aeabi_dmul
    poly.o(i.__kernel_poly) refers to dadd.o(.text) for __aeabi_dadd
    qnan.o(.constdata) refers (Special) to iusefp.o(.text) for __I$use$fp
    rred.o(i.__ieee754_rem_pio2) refers (Special) to iusefp.o(.text) for __I$use$fp
    rred.o(i.__ieee754_rem_pio2) refers to dadd.o(.text) for __aeabi_dsub
    rred.o(i.__ieee754_rem_pio2) refers to dmul.o(.text) for __aeabi_dmul
    rred.o(i.__ieee754_rem_pio2) refers to dfixi.o(.text) for __aeabi_d2iz
    rred.o(i.__ieee754_rem_pio2) refers to dflti.o(.text) for __aeabi_i2d
    rred.o(i.__ieee754_rem_pio2) refers to dfltui.o(.text) for __aeabi_ui2d
    rred.o(i.__ieee754_rem_pio2) refers to dscalb.o(.text) for __ARM_scalbn
    rred.o(i.__ieee754_rem_pio2) refers to rred.o(.constdata) for .constdata
    rred.o(i.__use_accurate_range_reduction) refers (Special) to iusefp.o(.text) for __I$use$fp
    rred.o(.constdata) refers (Special) to iusefp.o(.text) for __I$use$fp
    sin_i.o(i.__kernel_sin) refers (Special) to iusefp.o(.text) for __I$use$fp
    sin_i.o(i.__kernel_sin) refers to fpclassify.o(i.__ARM_fpclassify) for __ARM_fpclassify
    sin_i.o(i.__kernel_sin) refers to dunder.o(i.__mathlib_dbl_underflow) for __mathlib_dbl_underflow
    sin_i.o(i.__kernel_sin) refers to dmul.o(.text) for __aeabi_dmul
    sin_i.o(i.__kernel_sin) refers to poly.o(i.__kernel_poly) for __kernel_poly
    sin_i.o(i.__kernel_sin) refers to dscalb.o(.text) for __ARM_scalbn
    sin_i.o(i.__kernel_sin) refers to dadd.o(.text) for __aeabi_dsub
    sin_i.o(i.__kernel_sin) refers to sin_i.o(.constdata) for .constdata
    sin_i.o(.constdata) refers (Special) to iusefp.o(.text) for __I$use$fp
    sin_i_x.o(i.____kernel_sin$lsc) refers (Special) to iusefp.o(.text) for __I$use$fp
    sin_i_x.o(i.____kernel_sin$lsc) refers to dmul.o(.text) for __aeabi_dmul
    sin_i_x.o(i.____kernel_sin$lsc) refers to poly.o(i.__kernel_poly) for __kernel_poly
    sin_i_x.o(i.____kernel_sin$lsc) refers to dscalb.o(.text) for __ARM_scalbn
    sin_i_x.o(i.____kernel_sin$lsc) refers to dadd.o(.text) for __aeabi_dsub
    sin_i_x.o(i.____kernel_sin$lsc) refers to sin_i_x.o(.constdata) for .constdata
    sin_i_x.o(.constdata) refers (Special) to iusefp.o(.text) for __I$use$fp
    entry2.o(.ARM.Collect$$$$00000001) refers to entry2.o(.ARM.Collect$$$$00002712) for __lit__00000000
    entry2.o(.ARM.Collect$$$$00002712) refers to startup.o(STACK) for __initial_sp
    entry2.o(__vectab_stack_and_reset_area) refers to startup.o(STACK) for __initial_sp
    entry2.o(__vectab_stack_and_reset_area) refers to entry.o(.ARM.Collect$$$$00000000) for __main
    entry5.o(.ARM.Collect$$$$00000004) refers to init.o(.text) for __scatterload
    entry9a.o(.ARM.Collect$$$$0000000B) refers to main.o(i.main) for main
    entry9b.o(.ARM.Collect$$$$0000000C) refers to main.o(i.main) for main
    errno.o(i.__aeabi_errno_addr) refers to errno.o(.data) for .data
    errno.o(i.__read_errno) refers to errno.o(.data) for .data
    errno.o(i.__set_errno) refers to errno.o(.data) for .data
    depilogue.o(.text) refers to llshl.o(.text) for __aeabi_llsl
    depilogue.o(.text) refers to llushr.o(.text) for __aeabi_llsr
    init.o(.text) refers to entry5.o(.ARM.Collect$$$$00000004) for __main_after_scatterload
    dfltui.o(.text) refers to depilogue.o(.text) for _double_epilogue


==============================================================================

Removing Unused input sections from the image.

    Removing startup.o(HEAP), (0 bytes).
    Removing st7735.o(i.Delay1ms), (32 bytes).
    Removing st7735.o(i.Output_Clear), (10 bytes).
    Removing st7735.o(i.Output_Color), (12 bytes).
    Removing st7735.o(i.Output_Init), (16 bytes).
    Removing st7735.o(i.Output_Off), (8 bytes).
    Removing st7735.o(i.Output_On), (8 bytes).
    Removing st7735.o(i.ST7735_Color565), (24 bytes).
    Removing st7735.o(i.ST7735_DrawBitmap), (288 bytes).
    Removing st7735.o(i.ST7735_DrawChar), (268 bytes).
    Removing st7735.o(i.ST7735_DrawCharS), (244 bytes).
    Removing st7735.o(i.ST7735_DrawFastHLine), (124 bytes).
    Removing st7735.o(i.ST7735_DrawFastVLine), (124 bytes).
    Removing st7735.o(i.ST7735_DrawPixel), (72 bytes).
    Removing st7735.o(i.ST7735_DrawString), (86 bytes).
    Removing st7735.o(i.ST7735_FillRect), (172 bytes).
    Removing st7735.o(i.ST7735_FillScreen), (36 bytes).
    Removing st7735.o(i.ST7735_InitB), (40 bytes).
    Removing st7735.o(i.ST7735_InitR), (124 bytes).
    Removing st7735.o(i.ST7735_InvertDisplay), (22 bytes).
    Removing st7735.o(i.ST7735_OutChar), (212 bytes).
    Removing st7735.o(i.ST7735_OutString), (24 bytes).
    Removing st7735.o(i.ST7735_OutUDec), (140 bytes).
    Removing st7735.o(i.ST7735_PlotBar), (88 bytes).
    Removing st7735.o(i.ST7735_PlotClear), (92 bytes).
    Removing st7735.o(i.ST7735_PlotLine), (264 bytes).
    Removing st7735.o(i.ST7735_PlotNext), (32 bytes).
    Removing st7735.o(i.ST7735_PlotNextErase), (64 bytes).
    Removing st7735.o(i.ST7735_PlotPoint), (152 bytes).
    Removing st7735.o(i.ST7735_PlotPoints), (172 bytes).
    Removing st7735.o(i.ST7735_PlotdBfs), (60 bytes).
    Removing st7735.o(i.ST7735_SetCursor), (32 bytes).
    Removing st7735.o(i.ST7735_SetRotation), (212 bytes).
    Removing st7735.o(i.ST7735_SetTextColor), (12 bytes).
    Removing st7735.o(i.ST7735_SwapColor), (18 bytes).
    Removing st7735.o(i.commandList), (86 bytes).
    Removing st7735.o(i.commonInit), (388 bytes).
    Removing st7735.o(i.ferror), (8 bytes).
    Removing st7735.o(i.fgetc), (6 bytes).
    Removing st7735.o(i.fillmessage), (72 bytes).
    Removing st7735.o(i.fputc), (16 bytes).
    Removing st7735.o(i.pushColor), (18 bytes).
    Removing st7735.o(i.setAddrWindow), (116 bytes).
    Removing st7735.o(i.writecommand), (48 bytes).
    Removing st7735.o(i.writedata), (32 bytes).
    Removing st7735.o(.bss), (12 bytes).
    Removing st7735.o(.constdata), (2018 bytes).
    Removing st7735.o(.data), (44 bytes).
    Removing fixed.o(i.ST7735_XYplot), (156 bytes).
    Removing fixed.o(i.ST7735_XYplotInit), (76 bytes).
    Removing fixed.o(i.ST7735_sDecOut3), (158 bytes).
    Removing fixed.o(i.ST7735_uBinOut8), (196 bytes).
    Removing fixed.o(.data), (24 bytes).
    Removing speaker.o(i.PWM0A_Duty), (12 bytes).
    Removing speaker.o(i.PWM0A_Init), (164 bytes).
    Removing speaker.o(i.Sound_Init), (14 bytes).
    Removing speaker.o(i.Sound_Off), (28 bytes).
    Removing speaker.o(i.Sound_On), (28 bytes).
    Removing speaker.o(i.Sound_Play), (20 bytes).
    Removing speaker.o(.data), (1 bytes).
    Removing switch.o(i.Button_Pressed), (16 bytes).
    Removing switch.o(i.Buttons_Handler), (60 bytes).
    Removing switch.o(i.Buttons_Input), (92 bytes).
    Removing switch.o(i.Buttons_Pressed), (38 bytes).
    Removing switch.o(i.DisableButtonInterrupts), (32 bytes).
    Removing switch.o(i.EnableButtonInterrupts), (32 bytes).
    Removing switch.o(.bss), (16 bytes).
    Removing main.o(i.decodeNote), (2 bytes).
    Removing main.o(i.playSin), (2 bytes).
    Removing graphics.o(i.DigitalHour), (76 bytes).
    Removing graphics.o(i.DigitalInit), (32 bytes).
    Removing graphics.o(i.DigitalMinute), (104 bytes).
    Removing graphics.o(i.DigitalSecond), (2 bytes).
    Removing graphics.o(i.DrawBackground), (324 bytes).
    Removing graphics.o(i.DrawClockInit), (772 bytes).
    Removing graphics.o(i.DrawHour), (540 bytes).
    Removing graphics.o(i.DrawMinute), (540 bytes).
    Removing graphics.o(i.DrawSecond), (468 bytes).
    Removing graphics.o(i.day), (84 bytes).
    Removing graphics.o(i.night), (84 bytes).
    Removing graphics.o(.constdata), (20000 bytes).
    Removing graphics.o(.data), (12 bytes).
    Removing time.o(i.SysTick_Init2), (56 bytes).
    Removing time.o(i.Timer0A_Init1HzInt), (120 bytes).
    Removing time.o(i.Timer1_Init), (88 bytes).
    Removing time.o(i.UpdateAlarm), (12 bytes).
    Removing time.o(i.UpdateCount), (12 bytes).
    Removing time.o(i.WakeUp), (16 bytes).
    Removing time.o(i.whattime), (12 bytes).
    Removing sound.o(i.Instrument_CurrentVoltage), (20 bytes).
    Removing sound.o(i.Song_CurrentNote), (24 bytes).
    Removing sound.o(i.Song_EnvelopeScale), (152 bytes).
    Removing sound.o(i.decodeNotes), (2 bytes).
    Removing sound.o(i.getNote), (36 bytes).
    Removing sound.o(i.getSine), (108 bytes).
    Removing sound.o(.constdata), (128 bytes).
    Removing dadd.o(.text), (334 bytes).
    Removing dmul.o(.text), (228 bytes).
    Removing ddiv.o(.text), (222 bytes).
    Removing dflti.o(.text), (34 bytes).
    Removing dfixi.o(.text), (62 bytes).
    Removing depilogue.o(.text), (190 bytes).
    Removing dscalb.o(.text), (46 bytes).
    Removing cdcmple.o(.text), (40 bytes).
    Removing cdrcmple.o(.text), (40 bytes).
    Removing dfltui.o(.text), (26 bytes).

106 unused section(s) (total 32361 bytes) removed from the image.

==============================================================================

Image Symbol Table

    Local Symbols

    Symbol Name                              Value     Ov Type        Size  Object(Section)

    RESET                                    0x00000000   Section      644  startup.o(RESET)
    ../clib/../cmprslib/zerorunl2.c          0x00000000   Number         0  __dczerorl2.o ABSOLUTE
    ../clib/microlib/errno.c                 0x00000000   Number         0  errno.o ABSOLUTE
    ../clib/microlib/init/entry.s            0x00000000   Number         0  entry7b.o ABSOLUTE
    ../clib/microlib/init/entry.s            0x00000000   Number         0  entry9b.o ABSOLUTE
    ../clib/microlib/init/entry.s            0x00000000   Number         0  entry10b.o ABSOLUTE
    ../clib/microlib/init/entry.s            0x00000000   Number         0  entry9a.o ABSOLUTE
    ../clib/microlib/init/entry.s            0x00000000   Number         0  entry.o ABSOLUTE
    ../clib/microlib/init/entry.s            0x00000000   Number         0  entry7a.o ABSOLUTE
    ../clib/microlib/init/entry.s            0x00000000   Number         0  entry11b.o ABSOLUTE
    ../clib/microlib/init/entry.s            0x00000000   Number         0  entry5.o ABSOLUTE
    ../clib/microlib/init/entry.s            0x00000000   Number         0  entry10a.o ABSOLUTE
    ../clib/microlib/init/entry.s            0x00000000   Number         0  entry8b.o ABSOLUTE
    ../clib/microlib/init/entry.s            0x00000000   Number         0  entry8a.o ABSOLUTE
    ../clib/microlib/init/entry.s            0x00000000   Number         0  entry2.o ABSOLUTE
    ../clib/microlib/init/entry.s            0x00000000   Number         0  entry11a.o ABSOLUTE
    ../clib/microlib/longlong.c              0x00000000   Number         0  llshl.o ABSOLUTE
    ../clib/microlib/longlong.c              0x00000000   Number         0  llushr.o ABSOLUTE
    ../clib/microlib/longlong.c              0x00000000   Number         0  llsshr.o ABSOLUTE
    ../clib/microlib/stubs.s                 0x00000000   Number         0  iusefp.o ABSOLUTE
    ../fplib/microlib/fpadd.c                0x00000000   Number         0  dadd.o ABSOLUTE
    ../fplib/microlib/fpdiv.c                0x00000000   Number         0  ddiv.o ABSOLUTE
    ../fplib/microlib/fpepilogue.c           0x00000000   Number         0  depilogue.o ABSOLUTE
    ../fplib/microlib/fpfix.c                0x00000000   Number         0  dfixi.o ABSOLUTE
    ../fplib/microlib/fpflt.c                0x00000000   Number         0  dflti.o ABSOLUTE
    ../fplib/microlib/fpflt.c                0x00000000   Number         0  dfltui.o ABSOLUTE
    ../fplib/microlib/fpmul.c                0x00000000   Number         0  dmul.o ABSOLUTE
    ../fplib/microlib/fpscalb.c              0x00000000   Number         0  dscalb.o ABSOLUTE
    ../mathlib/cos.c                         0x00000000   Number         0  cos_x.o ABSOLUTE
    ../mathlib/cos.c                         0x00000000   Number         0  cos.o ABSOLUTE
    ../mathlib/cos_i.c                       0x00000000   Number         0  cos_i.o ABSOLUTE
    ../mathlib/dunder.c                      0x00000000   Number         0  dunder.o ABSOLUTE
    ../mathlib/exp.c                         0x00000000   Number         0  exp_x.o ABSOLUTE
    ../mathlib/exp.c                         0x00000000   Number         0  exp.o ABSOLUTE
    ../mathlib/fpclassify.c                  0x00000000   Number         0  fpclassify.o ABSOLUTE
    ../mathlib/poly.c                        0x00000000   Number         0  poly.o ABSOLUTE
    ../mathlib/qnan.c                        0x00000000   Number         0  qnan.o ABSOLUTE
    ../mathlib/rred.c                        0x00000000   Number         0  rred.o ABSOLUTE
    ../mathlib/sin.c                         0x00000000   Number         0  sin_x.o ABSOLUTE
    ../mathlib/sin.c                         0x00000000   Number         0  sin.o ABSOLUTE
    ../mathlib/sin_i.c                       0x00000000   Number         0  sin_i_x.o ABSOLUTE
    ../mathlib/sin_i.c                       0x00000000   Number         0  sin_i.o ABSOLUTE
    DAC.c                                    0x00000000   Number         0  dac.o ABSOLUTE
    Graphics.c                               0x00000000   Number         0  graphics.o ABSOLUTE
    PLL.c                                    0x00000000   Number         0  pll.o ABSOLUTE
    ST7735.c                                 0x00000000   Number         0  st7735.o ABSOLUTE
    Sound.c                                  0x00000000   Number         0  sound.o ABSOLUTE
    Speaker.c                                0x00000000   Number         0  speaker.o ABSOLUTE
    Switch.c                                 0x00000000   Number         0  switch.o ABSOLUTE
    Time.c                                   0x00000000   Number         0  time.o ABSOLUTE
    cdcmple.s                                0x00000000   Number         0  cdcmple.o ABSOLUTE
    cdrcmple.s                               0x00000000   Number         0  cdrcmple.o ABSOLUTE
    dc.s                                     0x00000000   Number         0  dc.o ABSOLUTE
    fixed.c                                  0x00000000   Number         0  fixed.o ABSOLUTE
    handlers.s                               0x00000000   Number         0  handlers.o ABSOLUTE
    init.s                                   0x00000000   Number         0  init.o ABSOLUTE
    main.c                                   0x00000000   Number         0  main.o ABSOLUTE
    startup.s                                0x00000000   Number         0  startup.o ABSOLUTE
    .ARM.Collect$$$$00000000                 0x00000284   Section        0  entry.o(.ARM.Collect$$$$00000000)
    .ARM.Collect$$$$00000001                 0x00000284   Section        4  entry2.o(.ARM.Collect$$$$00000001)
    .ARM.Collect$$$$00000004                 0x00000288   Section        4  entry5.o(.ARM.Collect$$$$00000004)
    .ARM.Collect$$$$00000008                 0x0000028c   Section        0  entry7b.o(.ARM.Collect$$$$00000008)
    .ARM.Collect$$$$0000000A                 0x0000028c   Section        0  entry8b.o(.ARM.Collect$$$$0000000A)
    .ARM.Collect$$$$0000000B                 0x0000028c   Section        8  entry9a.o(.ARM.Collect$$$$0000000B)
    .ARM.Collect$$$$0000000D                 0x00000294   Section        0  entry10a.o(.ARM.Collect$$$$0000000D)
    .ARM.Collect$$$$0000000F                 0x00000294   Section        0  entry11a.o(.ARM.Collect$$$$0000000F)
    .ARM.Collect$$$$00002712                 0x00000294   Section        4  entry2.o(.ARM.Collect$$$$00002712)
    __lit__00000000                          0x00000294   Data           4  entry2.o(.ARM.Collect$$$$00002712)
    .text                                    0x00000298   Section       28  startup.o(.text)
    .text                                    0x000002b4   Section       36  init.o(.text)
    .text                                    0x000002d8   Section        0  __dczerorl2.o(.text)
    i.Buttons_Init                           0x00000334   Section        0  switch.o(i.Buttons_Init)
    i.DAC_Init                               0x000003ec   Section        0  dac.o(i.DAC_Init)
    i.DAC_Output                             0x00000498   Section        0  dac.o(i.DAC_Output)
    i.DelayWait10ms                          0x000004a4   Section        0  switch.o(i.DelayWait10ms)
    i.GPIOPortE_Handler                      0x000004c4   Section        0  switch.o(i.GPIOPortE_Handler)
    i.PLL_Init                               0x00000570   Section        0  pll.o(i.PLL_Init)
    i.PortF_Init                             0x000005ec   Section        0  main.o(i.PortF_Init)
    i.Song_PlayHandler                       0x00000654   Section        0  sound.o(i.Song_PlayHandler)
    i.Song_PlayInit                          0x00000664   Section        0  sound.o(i.Song_PlayInit)
    i.Timer0A_Handler                        0x00000694   Section        0  time.o(i.Timer0A_Handler)
    i.Timer0A_Init                           0x000006ac   Section        0  time.o(i.Timer0A_Init)
    i.__scatterload_copy                     0x00000720   Section       14  handlers.o(i.__scatterload_copy)
    i.__scatterload_null                     0x0000072e   Section        2  handlers.o(i.__scatterload_null)
    i.__scatterload_zeroinit                 0x00000730   Section       14  handlers.o(i.__scatterload_zeroinit)
    i.getWave                                0x00000740   Section        0  sound.o(i.getWave)
    i.main                                   0x00000768   Section        0  main.o(i.main)
    .constdata                               0x00000818   Section        8  main.o(.constdata)
    .data                                    0x20000000   Section        8  switch.o(.data)
    .data                                    0x20000008   Section        1  main.o(.data)
    .data                                    0x2000000c   Section       16  time.o(.data)
    .data                                    0x2000001c   Section      892  sound.o(.data)
    STACK                                    0x20000398   Section     1024  startup.o(STACK)
    StackMem                                 0x20000398   Data           0  startup.o(STACK)

    Global Symbols

    Symbol Name                              Value     Ov Type        Size  Object(Section)

    BuildAttributes$$THM_ISAv4$E$P$D$K$B$S$7EM$PE$A:L22UL41UL21$X:L11$S22US41US21$IEEE1$IW$USESV6$~STKCKD$USESV7$~SHL$OTIME$ROPI$IEEEX$EBA8$MICROLIB$REQ8$PRES8$EABIv2 0x00000000   Number         0  anon$$obj.o ABSOLUTE
    __ARM_use_no_argv                        0x00000000   Number         0  main.o ABSOLUTE
    __Vectors                                0x00000000   Data           0  startup.o(RESET)
    __cpp_initialize__aeabi_                  - Undefined Weak Reference
    __cxa_finalize                            - Undefined Weak Reference
    _clock_init                               - Undefined Weak Reference
    _microlib_exit                            - Undefined Weak Reference
    Reset_Handler                            0x0000026d   Thumb Code     0  startup.o(RESET)
    NMI_Handler                              0x00000271   Thumb Code     2  startup.o(RESET)
    HardFault_Handler                        0x00000273   Thumb Code     2  startup.o(RESET)
    MemManage_Handler                        0x00000275   Thumb Code     2  startup.o(RESET)
    BusFault_Handler                         0x00000277   Thumb Code     2  startup.o(RESET)
    UsageFault_Handler                       0x00000279   Thumb Code     2  startup.o(RESET)
    SVC_Handler                              0x0000027b   Thumb Code     2  startup.o(RESET)
    DebugMon_Handler                         0x0000027d   Thumb Code     2  startup.o(RESET)
    PendSV_Handler                           0x0000027f   Thumb Code     2  startup.o(RESET)
    SysTick_Handler                          0x00000281   Thumb Code     2  startup.o(RESET)
    ADC0Seq0_Handler                         0x00000283   Thumb Code     0  startup.o(RESET)
    ADC0Seq1_Handler                         0x00000283   Thumb Code     0  startup.o(RESET)
    ADC0Seq2_Handler                         0x00000283   Thumb Code     0  startup.o(RESET)
    ADC0Seq3_Handler                         0x00000283   Thumb Code     0  startup.o(RESET)
    ADC1Seq0_Handler                         0x00000283   Thumb Code     0  startup.o(RESET)
    ADC1Seq1_Handler                         0x00000283   Thumb Code     0  startup.o(RESET)
    ADC1Seq2_Handler                         0x00000283   Thumb Code     0  startup.o(RESET)
    ADC1Seq3_Handler                         0x00000283   Thumb Code     0  startup.o(RESET)
    CAN0_Handler                             0x00000283   Thumb Code     0  startup.o(RESET)
    CAN1_Handler                             0x00000283   Thumb Code     0  startup.o(RESET)
    CAN2_Handler                             0x00000283   Thumb Code     0  startup.o(RESET)
    Comp0_Handler                            0x00000283   Thumb Code     0  startup.o(RESET)
    Comp1_Handler                            0x00000283   Thumb Code     0  startup.o(RESET)
    Comp2_Handler                            0x00000283   Thumb Code     0  startup.o(RESET)
    Ethernet_Handler                         0x00000283   Thumb Code     0  startup.o(RESET)
    ExtBus_Handler                           0x00000283   Thumb Code     0  startup.o(RESET)
    FPU_Handler                              0x00000283   Thumb Code     0  startup.o(RESET)
    Fan0_Handler                             0x00000283   Thumb Code     0  startup.o(RESET)
    FlashCtl_Handler                         0x00000283   Thumb Code     0  startup.o(RESET)
    GPIOPortA_Handler                        0x00000283   Thumb Code     0  startup.o(RESET)
    GPIOPortB_Handler                        0x00000283   Thumb Code     0  startup.o(RESET)
    GPIOPortC_Handler                        0x00000283   Thumb Code     0  startup.o(RESET)
    GPIOPortD_Handler                        0x00000283   Thumb Code     0  startup.o(RESET)
    GPIOPortF_Handler                        0x00000283   Thumb Code     0  startup.o(RESET)
    GPIOPortG_Handler                        0x00000283   Thumb Code     0  startup.o(RESET)
    GPIOPortH_Handler                        0x00000283   Thumb Code     0  startup.o(RESET)
    GPIOPortJ_Handler                        0x00000283   Thumb Code     0  startup.o(RESET)
    GPIOPortK_Handler                        0x00000283   Thumb Code     0  startup.o(RESET)
    GPIOPortL_Handler                        0x00000283   Thumb Code     0  startup.o(RESET)
    GPIOPortM_Handler                        0x00000283   Thumb Code     0  startup.o(RESET)
    GPIOPortN_Handler                        0x00000283   Thumb Code     0  startup.o(RESET)
    GPIOPortP1_Handler                       0x00000283   Thumb Code     0  startup.o(RESET)
    GPIOPortP2_Handler                       0x00000283   Thumb Code     0  startup.o(RESET)
    GPIOPortP3_Handler                       0x00000283   Thumb Code     0  startup.o(RESET)
    GPIOPortP4_Handler                       0x00000283   Thumb Code     0  startup.o(RESET)
    GPIOPortP5_Handler                       0x00000283   Thumb Code     0  startup.o(RESET)
    GPIOPortP6_Handler                       0x00000283   Thumb Code     0  startup.o(RESET)
    GPIOPortP7_Handler                       0x00000283   Thumb Code     0  startup.o(RESET)
    GPIOPortP_Handler                        0x00000283   Thumb Code     0  startup.o(RESET)
    GPIOPortQ1_Handler                       0x00000283   Thumb Code     0  startup.o(RESET)
    GPIOPortQ2_Handler                       0x00000283   Thumb Code     0  startup.o(RESET)
    GPIOPortQ3_Handler                       0x00000283   Thumb Code     0  startup.o(RESET)
    GPIOPortQ4_Handler                       0x00000283   Thumb Code     0  startup.o(RESET)
    GPIOPortQ5_Handler                       0x00000283   Thumb Code     0  startup.o(RESET)
    GPIOPortQ6_Handler                       0x00000283   Thumb Code     0  startup.o(RESET)
    GPIOPortQ7_Handler                       0x00000283   Thumb Code     0  startup.o(RESET)
    GPIOPortQ_Handler                        0x00000283   Thumb Code     0  startup.o(RESET)
    GPIOPortR_Handler                        0x00000283   Thumb Code     0  startup.o(RESET)
    GPIOPortS_Handler                        0x00000283   Thumb Code     0  startup.o(RESET)
    Hibernate_Handler                        0x00000283   Thumb Code     0  startup.o(RESET)
    I2C0_Handler                             0x00000283   Thumb Code     0  startup.o(RESET)
    I2C1_Handler                             0x00000283   Thumb Code     0  startup.o(RESET)
    I2C2_Handler                             0x00000283   Thumb Code     0  startup.o(RESET)
    I2C3_Handler                             0x00000283   Thumb Code     0  startup.o(RESET)
    I2C4_Handler                             0x00000283   Thumb Code     0  startup.o(RESET)
    I2C5_Handler                             0x00000283   Thumb Code     0  startup.o(RESET)
    I2S0_Handler                             0x00000283   Thumb Code     0  startup.o(RESET)
    LPC0_Handler                             0x00000283   Thumb Code     0  startup.o(RESET)
    PECI0_Handler                            0x00000283   Thumb Code     0  startup.o(RESET)
    PWM0Fault_Handler                        0x00000283   Thumb Code     0  startup.o(RESET)
    PWM0Generator0_Handler                   0x00000283   Thumb Code     0  startup.o(RESET)
    PWM0Generator1_Handler                   0x00000283   Thumb Code     0  startup.o(RESET)
    PWM0Generator2_Handler                   0x00000283   Thumb Code     0  startup.o(RESET)
    PWM0Generator3_Handler                   0x00000283   Thumb Code     0  startup.o(RESET)
    PWM1Fault_Handler                        0x00000283   Thumb Code     0  startup.o(RESET)
    PWM1Generator0_Handler                   0x00000283   Thumb Code     0  startup.o(RESET)
    PWM1Generator1_Handler                   0x00000283   Thumb Code     0  startup.o(RESET)
    PWM1Generator2_Handler                   0x00000283   Thumb Code     0  startup.o(RESET)
    PWM1Generator3_Handler                   0x00000283   Thumb Code     0  startup.o(RESET)
    Quadrature0_Handler                      0x00000283   Thumb Code     0  startup.o(RESET)
    Quadrature1_Handler                      0x00000283   Thumb Code     0  startup.o(RESET)
    Quadrature2_Handler                      0x00000283   Thumb Code     0  startup.o(RESET)
    SSI0_Handler                             0x00000283   Thumb Code     0  startup.o(RESET)
    SSI1_Handler                             0x00000283   Thumb Code     0  startup.o(RESET)
    SSI2_Handler                             0x00000283   Thumb Code     0  startup.o(RESET)
    SSI3_Handler                             0x00000283   Thumb Code     0  startup.o(RESET)
    SysCtl_Handler                           0x00000283   Thumb Code     0  startup.o(RESET)
    Timer0B_Handler                          0x00000283   Thumb Code     0  startup.o(RESET)
    Timer1A_Handler                          0x00000283   Thumb Code     0  startup.o(RESET)
    Timer1B_Handler                          0x00000283   Thumb Code     0  startup.o(RESET)
    Timer2A_Handler                          0x00000283   Thumb Code     0  startup.o(RESET)
    Timer2B_Handler                          0x00000283   Thumb Code     0  startup.o(RESET)
    Timer3A_Handler                          0x00000283   Thumb Code     0  startup.o(RESET)
    Timer3B_Handler                          0x00000283   Thumb Code     0  startup.o(RESET)
    Timer4A_Handler                          0x00000283   Thumb Code     0  startup.o(RESET)
    Timer4B_Handler                          0x00000283   Thumb Code     0  startup.o(RESET)
    Timer5A_Handler                          0x00000283   Thumb Code     0  startup.o(RESET)
    Timer5B_Handler                          0x00000283   Thumb Code     0  startup.o(RESET)
    UART0_Handler                            0x00000283   Thumb Code     0  startup.o(RESET)
    UART1_Handler                            0x00000283   Thumb Code     0  startup.o(RESET)
    UART2_Handler                            0x00000283   Thumb Code     0  startup.o(RESET)
    UART3_Handler                            0x00000283   Thumb Code     0  startup.o(RESET)
    UART4_Handler                            0x00000283   Thumb Code     0  startup.o(RESET)
    UART5_Handler                            0x00000283   Thumb Code     0  startup.o(RESET)
    UART6_Handler                            0x00000283   Thumb Code     0  startup.o(RESET)
    UART7_Handler                            0x00000283   Thumb Code     0  startup.o(RESET)
    USB0_Handler                             0x00000283   Thumb Code     0  startup.o(RESET)
    WDT_Handler                              0x00000283   Thumb Code     0  startup.o(RESET)
    WideTimer0A_Handler                      0x00000283   Thumb Code     0  startup.o(RESET)
    WideTimer0B_Handler                      0x00000283   Thumb Code     0  startup.o(RESET)
    WideTimer1A_Handler                      0x00000283   Thumb Code     0  startup.o(RESET)
    WideTimer1B_Handler                      0x00000283   Thumb Code     0  startup.o(RESET)
    WideTimer2A_Handler                      0x00000283   Thumb Code     0  startup.o(RESET)
    WideTimer2B_Handler                      0x00000283   Thumb Code     0  startup.o(RESET)
    WideTimer3A_Handler                      0x00000283   Thumb Code     0  startup.o(RESET)
    WideTimer3B_Handler                      0x00000283   Thumb Code     0  startup.o(RESET)
    WideTimer4A_Handler                      0x00000283   Thumb Code     0  startup.o(RESET)
    WideTimer4B_Handler                      0x00000283   Thumb Code     0  startup.o(RESET)
    WideTimer5A_Handler                      0x00000283   Thumb Code     0  startup.o(RESET)
    WideTimer5B_Handler                      0x00000283   Thumb Code     0  startup.o(RESET)
    uDMA_Error                               0x00000283   Thumb Code     0  startup.o(RESET)
    uDMA_Handler                             0x00000283   Thumb Code     0  startup.o(RESET)
    __main                                   0x00000285   Thumb Code     0  entry.o(.ARM.Collect$$$$00000000)
    _main_stk                                0x00000285   Thumb Code     0  entry2.o(.ARM.Collect$$$$00000001)
    _main_scatterload                        0x00000289   Thumb Code     0  entry5.o(.ARM.Collect$$$$00000004)
    __main_after_scatterload                 0x0000028d   Thumb Code     0  entry5.o(.ARM.Collect$$$$00000004)
    _main_clock                              0x0000028d   Thumb Code     0  entry7b.o(.ARM.Collect$$$$00000008)
    _main_cpp_init                           0x0000028d   Thumb Code     0  entry8b.o(.ARM.Collect$$$$0000000A)
    _main_init                               0x0000028d   Thumb Code     0  entry9a.o(.ARM.Collect$$$$0000000B)
    __rt_final_cpp                           0x00000295   Thumb Code     0  entry10a.o(.ARM.Collect$$$$0000000D)
    __rt_final_exit                          0x00000295   Thumb Code     0  entry11a.o(.ARM.Collect$$$$0000000F)
    DisableInterrupts                        0x00000299   Thumb Code     0  startup.o(.text)
    EnableInterrupts                         0x0000029d   Thumb Code     0  startup.o(.text)
    StartCritical                            0x000002a1   Thumb Code     0  startup.o(.text)
    EndCritical                              0x000002a9   Thumb Code     0  startup.o(.text)
    WaitForInterrupt                         0x000002af   Thumb Code     0  startup.o(.text)
    __scatterload                            0x000002b5   Thumb Code    28  init.o(.text)
    __scatterload_rt2                        0x000002b5   Thumb Code     0  init.o(.text)
    __decompress                             0x000002d9   Thumb Code     0  __dczerorl2.o(.text)
    __decompress1                            0x000002d9   Thumb Code    92  __dczerorl2.o(.text)
    Buttons_Init                             0x00000335   Thumb Code   146  switch.o(i.Buttons_Init)
    DAC_Init                                 0x000003ed   Thumb Code   150  dac.o(i.DAC_Init)
    DAC_Output                               0x00000499   Thumb Code     6  dac.o(i.DAC_Output)
    DelayWait10ms                            0x000004a5   Thumb Code    32  switch.o(i.DelayWait10ms)
    GPIOPortE_Handler                        0x000004c5   Thumb Code   148  switch.o(i.GPIOPortE_Handler)
    PLL_Init                                 0x00000571   Thumb Code   118  pll.o(i.PLL_Init)
    PortF_Init                               0x000005ed   Thumb Code    88  main.o(i.PortF_Init)
    Song_PlayHandler                         0x00000655   Thumb Code    16  sound.o(i.Song_PlayHandler)
    Song_PlayInit                            0x00000665   Thumb Code    30  sound.o(i.Song_PlayInit)
    Timer0A_Handler                          0x00000695   Thumb Code    16  time.o(i.Timer0A_Handler)
    Timer0A_Init                             0x000006ad   Thumb Code    94  time.o(i.Timer0A_Init)
    __scatterload_copy                       0x00000721   Thumb Code    14  handlers.o(i.__scatterload_copy)
    __scatterload_null                       0x0000072f   Thumb Code     2  handlers.o(i.__scatterload_null)
    __scatterload_zeroinit                   0x00000731   Thumb Code    14  handlers.o(i.__scatterload_zeroinit)
    getWave                                  0x00000741   Thumb Code    30  sound.o(i.getWave)
    main                                     0x00000769   Thumb Code   152  main.o(i.main)
    testSong                                 0x00000818   Data           8  main.o(.constdata)
    Region$$Table$$Base                      0x00000820   Number         0  anon$$obj.o(Region$$Table)
    Region$$Table$$Limit                     0x00000840   Number         0  anon$$obj.o(Region$$Table)
    SW1                                      0x20000000   Data           1  switch.o(.data)
    SW2                                      0x20000001   Data           1  switch.o(.data)
    SW3                                      0x20000002   Data           1  switch.o(.data)
    SW4                                      0x20000003   Data           1  switch.o(.data)
    SWITCH                                   0x20000004   Data           4  switch.o(.data)
    Play_mode                                0x20000008   Data           1  main.o(.data)
    PeriodicTask                             0x2000000c   Data           4  time.o(.data)
    count                                    0x20000010   Data           4  time.o(.data)
    alarmflag                                0x20000014   Data           4  time.o(.data)
    alarm1                                   0x20000018   Data           4  time.o(.data)
    ind                                      0x2000001c   Data           4  sound.o(.data)
    SinTable                                 0x20000020   Data         512  sound.o(.data)
    waveIndex                                0x20000220   Data           4  sound.o(.data)
    noteIndex                                0x20000224   Data           4  sound.o(.data)
    beatIndex                                0x20000228   Data           4  sound.o(.data)
    maryhadalamb                             0x2000022c   Data          52  sound.o(.data)
    HotLine                                  0x20000260   Data         304  sound.o(.data)
    currentSong                              0x20000390   Data           8  sound.o(.data)
    __initial_sp                             0x20000798   Data           0  startup.o(STACK)



==============================================================================

Memory Map of the image

  Image Entry point : 0x0000026d

  Load Region LR_1 (Base: 0x00000000, Size: 0x00000bd8, Max: 0xffffffff, ABSOLUTE, COMPRESSED[0x00000ab4])

    Execution Region ER_RO (Base: 0x00000000, Size: 0x00000840, Max: 0xffffffff, ABSOLUTE)

    Base Addr    Size         Type   Attr      Idx    E Section Name        Object

    0x00000000   0x00000284   Code   RO            3  * RESET               startup.o
    0x00000284   0x00000000   Code   RO          772  * .ARM.Collect$$$$00000000  mc_w.l(entry.o)
    0x00000284   0x00000004   Code   RO          806    .ARM.Collect$$$$00000001  mc_w.l(entry2.o)
    0x00000288   0x00000004   Code   RO          809    .ARM.Collect$$$$00000004  mc_w.l(entry5.o)
    0x0000028c   0x00000000   Code   RO          811    .ARM.Collect$$$$00000008  mc_w.l(entry7b.o)
    0x0000028c   0x00000000   Code   RO          813    .ARM.Collect$$$$0000000A  mc_w.l(entry8b.o)
    0x0000028c   0x00000008   Code   RO          814    .ARM.Collect$$$$0000000B  mc_w.l(entry9a.o)
    0x00000294   0x00000000   Code   RO          816    .ARM.Collect$$$$0000000D  mc_w.l(entry10a.o)
    0x00000294   0x00000000   Code   RO          818    .ARM.Collect$$$$0000000F  mc_w.l(entry11a.o)
    0x00000294   0x00000004   Code   RO          807    .ARM.Collect$$$$00002712  mc_w.l(entry2.o)
    0x00000298   0x0000001c   Code   RO            4    .text               startup.o
    0x000002b4   0x00000024   Code   RO          842    .text               mc_w.l(init.o)
    0x000002d8   0x0000005c   Code   RO          854    .text               mc_w.l(__dczerorl2.o)
    0x00000334   0x000000b8   Code   RO          393    i.Buttons_Init      switch.o
    0x000003ec   0x000000ac   Code   RO          728    i.DAC_Init          dac.o
    0x00000498   0x0000000c   Code   RO          729    i.DAC_Output        dac.o
    0x000004a4   0x00000020   Code   RO          396    i.DelayWait10ms     switch.o
    0x000004c4   0x000000ac   Code   RO          399    i.GPIOPortE_Handler  switch.o
    0x00000570   0x0000007c   Code   RO           12    i.PLL_Init          pll.o
    0x000005ec   0x00000068   Code   RO          461    i.PortF_Init        main.o
    0x00000654   0x00000010   Code   RO          664    i.Song_PlayHandler  sound.o
    0x00000664   0x00000030   Code   RO          665    i.Song_PlayInit     sound.o
    0x00000694   0x00000018   Code   RO          589    i.Timer0A_Handler   time.o
    0x000006ac   0x00000074   Code   RO          590    i.Timer0A_Init      time.o
    0x00000720   0x0000000e   Code   RO          848    i.__scatterload_copy  mc_w.l(handlers.o)
    0x0000072e   0x00000002   Code   RO          849    i.__scatterload_null  mc_w.l(handlers.o)
    0x00000730   0x0000000e   Code   RO          850    i.__scatterload_zeroinit  mc_w.l(handlers.o)
    0x0000073e   0x00000002   PAD
    0x00000740   0x00000028   Code   RO          669    i.getWave           sound.o
    0x00000768   0x000000b0   Code   RO          463    i.main              main.o
    0x00000818   0x00000008   Data   RO          465    .constdata          main.o
    0x00000820   0x00000020   Data   RO          846    Region$$Table       anon$$obj.o


    Execution Region ER_RW (Base: 0x20000000, Size: 0x00000398, Max: 0xffffffff, ABSOLUTE, COMPRESSED[0x00000274])

    Base Addr    Size         Type   Attr      Idx    E Section Name        Object

    0x20000000   0x00000008   Data   RW          401    .data               switch.o
    0x20000008   0x00000001   Data   RW          466    .data               main.o
    0x20000009   0x00000003   PAD
    0x2000000c   0x00000010   Data   RW          597    .data               time.o
    0x2000001c   0x0000037c   Data   RW          671    .data               sound.o


    Execution Region ER_ZI (Base: 0x20000398, Size: 0x00000400, Max: 0xffffffff, ABSOLUTE)

    Base Addr    Size         Type   Attr      Idx    E Section Name        Object

    0x20000398   0x00000400   Zero   RW            1    STACK               startup.o


==============================================================================

Image component sizes


      Code (inc. data)   RO Data    RW Data    ZI Data      Debug   Object Name

       184         28          0          0          0        836   dac.o
       280         40          8          1          0       3056   main.o
       124          6          0          0          0       4635   pll.o
       104         28          0        892          0       3256   sound.o
       672        622          0          0       1024        908   startup.o
       388         62          0          8          0       2333   switch.o
       140         30          0         16          0       1643   time.o

    ----------------------------------------------------------------------
      1892        816         40        920       1024      16667   Object Totals
         0          0         32          0          0          0   (incl. Generated)
         0          0          0          3          0          0   (incl. Padding)

    ----------------------------------------------------------------------

      Code (inc. data)   RO Data    RW Data    ZI Data      Debug   Library Member Name

        92          0          0          0          0          0   __dczerorl2.o
         0          0          0          0          0          0   entry.o
         0          0          0          0          0          0   entry10a.o
         0          0          0          0          0          0   entry11a.o
         8          4          0          0          0          0   entry2.o
         4          0          0          0          0          0   entry5.o
         0          0          0          0          0          0   entry7b.o
         0          0          0          0          0          0   entry8b.o
         8          4          0          0          0          0   entry9a.o
        30          0          0          0          0          0   handlers.o
        36          8          0          0          0         68   init.o

    ----------------------------------------------------------------------
       180         16          0          0          0         68   Library Totals
         2          0          0          0          0          0   (incl. Padding)

    ----------------------------------------------------------------------

      Code (inc. data)   RO Data    RW Data    ZI Data      Debug   Library Name

       178         16          0          0          0         68   mc_w.l

    ----------------------------------------------------------------------
       180         16          0          0          0         68   Library Totals

    ----------------------------------------------------------------------

==============================================================================


      Code (inc. data)   RO Data    RW Data    ZI Data      Debug   

      2072        832         40        920       1024      16215   Grand Totals
      2072        832         40        628       1024      16215   ELF Image Totals (compressed)
      2072        832         40        628          0          0   ROM Totals

==============================================================================

    Total RO  Size (Code + RO Data)                 2112 (   2.06kB)
    Total RW  Size (RW Data + ZI Data)              1944 (   1.90kB)
    Total ROM Size (Code + RO Data + RW Data)       2740 (   2.68kB)

==============================================================================

